I'm sorry, but errors were detected in your script. Please correct the
errors listed below, and try again.


File "game/script.rpy", line 102: expected 'image_name_component' not found.
    show scene bg room
        ^

Ren'Py Version: Ren'Py 8.1.3.23091805
Sat Dec 23 01:49:44 2023
